// Vitest Snapshot v1, https://vitest.dev/guide/snapshot.html

exports[`HeaderBeehiveMenu > should render on desktop 1`] = `[Function]`;

exports[`HeaderBeehiveMenu > should render on mobile 1`] = `[Function]`;

exports[`HeaderBeehiveMenu should render on desktop 1`] = `[Function]`;

exports[`HeaderBeehiveMenu should render on mobile 1`] = `[Function]`;
