// Jest Snapshot v1, https://goo.gl/fbAQLP

exports[`FieldWrapper/ErrorMessage should render correctly 1`] = `
<DocumentFragment>
  <div
    class="sc-gswNZR bwgTNC sc-dkrFOg kvDetP"
  >
    <span
      class="sc-bcXHqe hVJkQo"
      data-rc="DisclaimerR"
    >
      Error message
    </span>
  </div>
</DocumentFragment>
`;
