// Vitest Snapshot v1, https://vitest.dev/guide/snapshot.html

exports[`Portal > Default > should render inside the default portal 1`] = `<DocumentFragment />`;

exports[`Portal > With wrapperId > should create wrapper if not exists 1`] = `<DocumentFragment />`;

exports[`Portal > With wrapperId > should render inside the specified wrapper 1`] = `<DocumentFragment />`;

exports[`Portal > With wrapperId > should use wrapper if already exists 1`] = `
<DocumentFragment>
  <div
    id="portal-key"
  >
    Portal Content
  </div>
</DocumentFragment>
`;

exports[`Portal Default should render inside the default portal 1`] = `<DocumentFragment />`;

exports[`Portal With wrapperId should create wrapper if not exists 1`] = `<DocumentFragment />`;

exports[`Portal With wrapperId should render inside the specified wrapper 1`] = `<DocumentFragment />`;

exports[`Portal With wrapperId should use wrapper if already exists 1`] = `
<DocumentFragment>
  <div
    id="portal-key"
  >
    Portal Content
  </div>
</DocumentFragment>
`;
