// Vitest Snapshot v1, https://vitest.dev/guide/snapshot.html

exports[`useClickOutside > should fire callback when clicking outside the element 1`] = `
<DocumentFragment>
  <div
    data-testid="parent-element"
  >
    <div
      data-testid="ref-element"
    >
      <div
        data-testid="child-element"
      />
    </div>
    <div
      data-testid="outside-element"
    />
  </div>
</DocumentFragment>
`;

exports[`useClickOutside should NOT fire callback when clicking on the element 1`] = `
<DocumentFragment>
  <div
    data-testid="parent-element"
  >
    <div
      data-testid="ref-element"
    >
      <div
        data-testid="child-element"
      />
    </div>
    <div
      data-testid="outside-element"
    />
  </div>
</DocumentFragment>
`;

exports[`useClickOutside should NOT fire callback when clicking on the elements children 1`] = `
<DocumentFragment>
  <div
    data-testid="parent-element"
  >
    <div
      data-testid="ref-element"
    >
      <div
        data-testid="child-element"
      />
    </div>
    <div
      data-testid="outside-element"
    />
  </div>
</DocumentFragment>
`;

exports[`useClickOutside should fire callback when clicking on the elements parent 1`] = `
<DocumentFragment>
  <div
    data-testid="parent-element"
  >
    <div
      data-testid="ref-element"
    >
      <div
        data-testid="child-element"
      />
    </div>
    <div
      data-testid="outside-element"
    />
  </div>
</DocumentFragment>
`;

exports[`useClickOutside should fire callback when clicking outside the element 1`] = `
<DocumentFragment>
  <div
    data-testid="parent-element"
  >
    <div
      data-testid="ref-element"
    >
      <div
        data-testid="child-element"
      />
    </div>
    <div
      data-testid="outside-element"
    />
  </div>
</DocumentFragment>
`;

exports[`useClickOutside should fire callback when touching outside the element 1`] = `
<DocumentFragment>
  <div
    data-testid="parent-element"
  >
    <div
      data-testid="ref-element"
    >
      <div
        data-testid="child-element"
      />
    </div>
    <div
      data-testid="outside-element"
    />
  </div>
</DocumentFragment>
`;

exports[`useClickOutside should not fire listener if ref is not set 1`] = `
<DocumentFragment>
  <div
    data-testid="parent-element"
  >
    <div
      data-testid="ref-element"
    >
      <div
        data-testid="child-element"
      />
    </div>
    <div
      data-testid="outside-element"
    />
  </div>
</DocumentFragment>
`;
