// Jest Snapshot v1, https://goo.gl/fbAQLP

exports[`FieldWrapper/Label should render correctly 1`] = `
<DocumentFragment>
  <label
    class="sc-bcXHqe bjGbzT"
  >
    <span
      class="sc-dkrFOg lcwtgS"
      data-rc="BodySmallB"
    >
      Label text
    </span>
  </label>
</DocumentFragment>
`;
