// Vitest Snapshot v1, https://vitest.dev/guide/snapshot.html

exports[`DesktopList > should render 1`] = `[Function]`;

exports[`DesktopList should render 1`] = `[Function]`;

exports[`DesktopListItem > should render 1`] = `[Function]`;

exports[`DesktopListItem should render 1`] = `[Function]`;

exports[`DesktopMenu > should render 1`] = `[Function]`;

exports[`DesktopMenu should render 1`] = `[Function]`;
