// Vitest Snapshot v1, https://vitest.dev/guide/snapshot.html

exports[`useFocusOutside > should fire callback when focusing outside the element 1`] = `
<DocumentFragment>
  <div
    data-testid="parent-element"
  >
    <div
      data-testid="ref-element"
    >
      <div
        data-testid="child-element"
      />
    </div>
    <div
      data-testid="outside-element"
    />
  </div>
</DocumentFragment>
`;

exports[`useFocusOutside should NOT fire callback when focusing on the element 1`] = `
<DocumentFragment>
  <div
    data-testid="parent-element"
  >
    <div
      data-testid="ref-element"
    >
      <div
        data-testid="child-element"
      />
    </div>
    <div
      data-testid="outside-element"
    />
  </div>
</DocumentFragment>
`;

exports[`useFocusOutside should NOT fire callback when focusing on the elements children 1`] = `
<DocumentFragment>
  <div
    data-testid="parent-element"
  >
    <div
      data-testid="ref-element"
    >
      <div
        data-testid="child-element"
      />
    </div>
    <div
      data-testid="outside-element"
    />
  </div>
</DocumentFragment>
`;

exports[`useFocusOutside should fire callback when focusing on the elements parent 1`] = `
<DocumentFragment>
  <div
    data-testid="parent-element"
  >
    <div
      data-testid="ref-element"
    >
      <div
        data-testid="child-element"
      />
    </div>
    <div
      data-testid="outside-element"
    />
  </div>
</DocumentFragment>
`;

exports[`useFocusOutside should fire callback when focusing outside the element 1`] = `
<DocumentFragment>
  <div
    data-testid="parent-element"
  >
    <div
      data-testid="ref-element"
    >
      <div
        data-testid="child-element"
      />
    </div>
    <div
      data-testid="outside-element"
    />
  </div>
</DocumentFragment>
`;
