// Vitest Snapshot v1, https://vitest.dev/guide/snapshot.html

exports[`Tooltip > should render correctly 1`] = `
<DocumentFragment>
  <button
    data-state="closed"
    type="button"
  >
    Tooltip
  </button>
</DocumentFragment>
`;

exports[`Tooltip should render correctly 1`] = `
<DocumentFragment>
  <button
    data-state="closed"
    type="button"
  >
    Tooltip
  </button>
</DocumentFragment>
`;
